     1                                 %line 1+1 ast02.asm
     2                                 
     3                                 
     4                                 
     5                                 
     6                                 
     7                                 
     8                                 
     9                                 
    10                                 
    11                                 [section .data]
    12                                 
    13                                 
    14                                 
    15                                 
    16                                 NULL equ 0
    17                                 
    18                                 TRUE equ 1
    19                                 FALSE equ 0
    20                                 
    21                                 EXIT_SUCCESS equ 0
    22                                 SYS_exit equ 60
    23                                 
    24                                 
    25                                 
    26                                 
    27                                 
    28                                 
    29                                 
    30                                 
    31 00000000 3B                     bVar1 db 59
    32 00000001 15                     bVar2 db 21
    33 00000002 00                     bAns1 db 0
    34 00000003 00                     bAns2 db 0
    35 00000004 790A                   wVar1 dw 2681
    36 00000006 9805                   wVar2 dw 1432
    37 00000008 0000                   wAns1 dw 0
    38 0000000A 0000                   wAns2 dw 0
    39 0000000C E83AD009               dVar1 dd 164641512
    40 00000010 B56DB206               dVar2 dd 112356789
    41 00000014 444AFFFF               dVar3 dd -46524
    42 00000018 00000000               dAns1 dd 0
    43 0000001C 00000000               dAns2 dd 0
    44 00000020 1B12FE2A21000000       qVar1 dq 142455214619
    45 00000028 000099C1               flt1 dd -19.125
    46 0000002C 00003441               flt2 dd 11.25
    47 00000030 4DF82D40               eVal dd 2.71828
    48 00000034 43532D32313800         myClass db "CS-218", NULL
    49 0000003B 497473206E6F742061-    sayying db "Its not a bug, its a feature", NULL
    50 0000003B 206275672C20697473-
    51 0000003B 206120666561747572-
    52 0000003B 6500               
    53 00000058 5361726168204A6F68-    myName db "Sarah Johnson", NULL
    54 00000058 6E736F6E00         
    55                                 
    56                                 
    57                                 
    58                                 
    59                                 
    60                                 
    61                                 [section .bss]
    62                                 x
    63                                 
    64                                 
    65                                 
    66                                 
    67                                 
    68                                 
    69                                 [section .text]
    70                                 [global _start]
    71                                 _start:
    72                                 
    73                                 
    74                                 
    75                                 
    76                                 
    77                                 
    78                                 
    79                                 
    80                                 
    81                                 
    82 00000000 8A0425[00000000]        mov al, byte [bVar1]
    83 00000007 020425[00000000]        add al, byte [bVar2]
    84 0000000E 880425[00000000]        mov byte [bAns1], al
    85                                 
    86                                 
    87 00000015 8A0425[00000000]        mov al, byte [bVar1]
    88 0000001C 2A0425[00000000]        sub al, byte [bVar2]
    89 00000023 880425[00000000]        mov byte [bAns2], al
    90                                 
    91                                 
    92 0000002A 668B0425[00000000]      mov ax, word [wVar1]
    93 00000032 66030425[00000000]      add ax, word [wVar2]
    94 0000003A 66890425[00000000]      mov word [wAns1], ax
    95                                 
    96                                 
    97 00000042 668B0425[00000000]      mov ax, word [wVar1]
    98 0000004A 662B0425[00000000]      sub ax, word [wVar2]
    99 00000052 66890425[00000000]      mov word [wAns2], ax
   100                                 
   101                                 
   102 0000005A 8B0425[00000000]        mov eax, dword [dVar1]
   103 00000061 030425[00000000]        add eax, dword [dVar2]
   104 00000068 890425[00000000]        mov dword [dAns1], eax
   105                                 
   106                                 
   107 0000006F 8B0425[00000000]        mov eax, dword [dVar1]
   108 00000076 2B0425[00000000]        sub eax, dword [dVar2]
   109 0000007D 890425[00000000]        mov dword [dAns2], eax
   110                                 
   111                                 
   112                                 
   113                                 
   114                                 
   115                                 last:
   116 00000084 48C7C03C000000          mov rax, SYS_exit
   117 0000008B 48C7C700000000          mov rdi, EXIT_SUCCESS
   118 00000092 0F05                    syscall
   119                                 
